Archive member included to satisfy reference by file (symbol)

c:/program files (x86)/atollic/truestudio for stm32 9.3.0/armtools/bin/../lib/gcc/arm-atollic-eabi/6.3.1/../../../../arm-atollic-eabi/lib/armv7-m\libc_nano.a(lib_a-errno.o)
                              Core\Src\syscalls.o (__errno)
c:/program files (x86)/atollic/truestudio for stm32 9.3.0/armtools/bin/../lib/gcc/arm-atollic-eabi/6.3.1/../../../../arm-atollic-eabi/lib/armv7-m\libc_nano.a(lib_a-impure.o)
                              c:/program files (x86)/atollic/truestudio for stm32 9.3.0/armtools/bin/../lib/gcc/arm-atollic-eabi/6.3.1/../../../../arm-atollic-eabi/lib/armv7-m\libc_nano.a(lib_a-errno.o) (_impure_ptr)
c:/program files (x86)/atollic/truestudio for stm32 9.3.0/armtools/bin/../lib/gcc/arm-atollic-eabi/6.3.1/../../../../arm-atollic-eabi/lib/armv7-m\libc_nano.a(lib_a-init.o)
                              startup\startup_stm32l152xe.o (__libc_init_array)
c:/program files (x86)/atollic/truestudio for stm32 9.3.0/armtools/bin/../lib/gcc/arm-atollic-eabi/6.3.1/../../../../arm-atollic-eabi/lib/armv7-m\libc_nano.a(lib_a-memset.o)
                              Core\Src\main.o (memset)
c:/program files (x86)/atollic/truestudio for stm32 9.3.0/armtools/bin/../lib/gcc/arm-atollic-eabi/6.3.1/../../../../arm-atollic-eabi/lib/armv7-m\libc_nano.a(lib_a-sprintf.o)
                              Core\Src\main.o (sprintf)
c:/program files (x86)/atollic/truestudio for stm32 9.3.0/armtools/bin/../lib/gcc/arm-atollic-eabi/6.3.1/../../../../arm-atollic-eabi/lib/armv7-m\libc_nano.a(lib_a-nano-svfprintf.o)
                              c:/program files (x86)/atollic/truestudio for stm32 9.3.0/armtools/bin/../lib/gcc/arm-atollic-eabi/6.3.1/../../../../arm-atollic-eabi/lib/armv7-m\libc_nano.a(lib_a-sprintf.o) (_svfprintf_r)
c:/program files (x86)/atollic/truestudio for stm32 9.3.0/armtools/bin/../lib/gcc/arm-atollic-eabi/6.3.1/../../../../arm-atollic-eabi/lib/armv7-m\libc_nano.a(lib_a-nano-vfprintf_i.o)
                              c:/program files (x86)/atollic/truestudio for stm32 9.3.0/armtools/bin/../lib/gcc/arm-atollic-eabi/6.3.1/../../../../arm-atollic-eabi/lib/armv7-m\libc_nano.a(lib_a-nano-svfprintf.o) (_printf_i)
c:/program files (x86)/atollic/truestudio for stm32 9.3.0/armtools/bin/../lib/gcc/arm-atollic-eabi/6.3.1/../../../../arm-atollic-eabi/lib/armv7-m\libc_nano.a(lib_a-memchr-stub.o)
                              c:/program files (x86)/atollic/truestudio for stm32 9.3.0/armtools/bin/../lib/gcc/arm-atollic-eabi/6.3.1/../../../../arm-atollic-eabi/lib/armv7-m\libc_nano.a(lib_a-nano-svfprintf.o) (memchr)
c:/program files (x86)/atollic/truestudio for stm32 9.3.0/armtools/bin/../lib/gcc/arm-atollic-eabi/6.3.1/../../../../arm-atollic-eabi/lib/armv7-m\libc_nano.a(lib_a-memcpy-stub.o)
                              c:/program files (x86)/atollic/truestudio for stm32 9.3.0/armtools/bin/../lib/gcc/arm-atollic-eabi/6.3.1/../../../../arm-atollic-eabi/lib/armv7-m\libc_nano.a(lib_a-nano-svfprintf.o) (memcpy)
c:/program files (x86)/atollic/truestudio for stm32 9.3.0/armtools/bin/../lib/gcc/arm-atollic-eabi/6.3.1/../../../../arm-atollic-eabi/lib/armv7-m\libc_nano.a(lib_a-memmove.o)
                              c:/program files (x86)/atollic/truestudio for stm32 9.3.0/armtools/bin/../lib/gcc/arm-atollic-eabi/6.3.1/../../../../arm-atollic-eabi/lib/armv7-m\libc_nano.a(lib_a-nano-svfprintf.o) (memmove)
c:/program files (x86)/atollic/truestudio for stm32 9.3.0/armtools/bin/../lib/gcc/arm-atollic-eabi/6.3.1/../../../../arm-atollic-eabi/lib/armv7-m\libc_nano.a(lib_a-nano-freer.o)
                              c:/program files (x86)/atollic/truestudio for stm32 9.3.0/armtools/bin/../lib/gcc/arm-atollic-eabi/6.3.1/../../../../arm-atollic-eabi/lib/armv7-m\libc_nano.a(lib_a-nano-svfprintf.o) (_free_r)
c:/program files (x86)/atollic/truestudio for stm32 9.3.0/armtools/bin/../lib/gcc/arm-atollic-eabi/6.3.1/../../../../arm-atollic-eabi/lib/armv7-m\libc_nano.a(lib_a-nano-mallocr.o)
                              c:/program files (x86)/atollic/truestudio for stm32 9.3.0/armtools/bin/../lib/gcc/arm-atollic-eabi/6.3.1/../../../../arm-atollic-eabi/lib/armv7-m\libc_nano.a(lib_a-nano-svfprintf.o) (_malloc_r)
c:/program files (x86)/atollic/truestudio for stm32 9.3.0/armtools/bin/../lib/gcc/arm-atollic-eabi/6.3.1/../../../../arm-atollic-eabi/lib/armv7-m\libc_nano.a(lib_a-nano-reallocr.o)
                              c:/program files (x86)/atollic/truestudio for stm32 9.3.0/armtools/bin/../lib/gcc/arm-atollic-eabi/6.3.1/../../../../arm-atollic-eabi/lib/armv7-m\libc_nano.a(lib_a-nano-svfprintf.o) (_realloc_r)
c:/program files (x86)/atollic/truestudio for stm32 9.3.0/armtools/bin/../lib/gcc/arm-atollic-eabi/6.3.1/../../../../arm-atollic-eabi/lib/armv7-m\libc_nano.a(lib_a-sbrkr.o)
[...]
Memory Configuration

Name             Origin             Length             Attributes
RAM              0x20000000         0x00014000         xrw
FLASH            0x08000000         0x00080000         xr
*default*        0x00000000         0xffffffff

Linker script and memory map

LOAD c:/program files (x86)/atollic/truestudio for stm32 9.3.0/armtools/bin/../lib/gcc/arm-atollic-eabi/6.3.1/armv7-m/crti.o
LOAD c:/program files (x86)/atollic/truestudio for stm32 9.3.0/armtools/bin/../lib/gcc/arm-atollic-eabi/6.3.1/armv7-m/crtbegin.o
LOAD Core\Src\i2c-lcd.o
LOAD Core\Src\main.o
LOAD Core\Src\stm32l1xx_hal_msp.o
LOAD Core\Src\stm32l1xx_it.o
LOAD Core\Src\syscalls.o
LOAD Core\Src\system_stm32l1xx.o
LOAD Drivers\STM32L1xx_HAL_Driver\Src\stm32l1xx_hal.o
LOAD Drivers\STM32L1xx_HAL_Driver\Src\stm32l1xx_hal_cortex.o
LOAD Drivers\STM32L1xx_HAL_Driver\Src\stm32l1xx_hal_dma.o
LOAD Drivers\STM32L1xx_HAL_Driver\Src\stm32l1xx_hal_exti.o
LOAD Drivers\STM32L1xx_HAL_Driver\Src\stm32l1xx_hal_flash.o
LOAD Drivers\STM32L1xx_HAL_Driver\Src\stm32l1xx_hal_flash_ex.o
LOAD Drivers\STM32L1xx_HAL_Driver\Src\stm32l1xx_hal_flash_ramfunc.o
LOAD Drivers\STM32L1xx_HAL_Driver\Src\stm32l1xx_hal_gpio.o
LOAD Drivers\STM32L1xx_HAL_Driver\Src\stm32l1xx_hal_i2c.o
LOAD Drivers\STM32L1xx_HAL_Driver\Src\stm32l1xx_hal_pwr.o
LOAD Drivers\STM32L1xx_HAL_Driver\Src\stm32l1xx_hal_pwr_ex.o
LOAD Drivers\STM32L1xx_HAL_Driver\Src\stm32l1xx_hal_rcc.o
LOAD Drivers\STM32L1xx_HAL_Driver\Src\stm32l1xx_hal_rcc_ex.o
LOAD Drivers\STM32L1xx_HAL_Driver\Src\stm32l1xx_hal_tim.o
LOAD Drivers\STM32L1xx_HAL_Driver\Src\stm32l1xx_hal_tim_ex.o
LOAD startup\startup_stm32l152xe.o
                0x00000080                malloc_getpagesize_P = 0x80
START GROUP
LOAD c:/program files (x86)/atollic/truestudio for stm32 9.3.0/armtools/bin/../lib/gcc/arm-atollic-eabi/6.3.1/../../../../arm-atollic-eabi/lib/armv7-m\libc_nano.a
LOAD c:/program files (x86)/atollic/truestudio for stm32 9.3.0/armtools/bin/../lib/gcc/arm-atollic-eabi/6.3.1/../../../../arm-atollic-eabi/lib/armv7-m\libm.a
END GROUP
START GROUP
LOAD c:/program files (x86)/atollic/truestudio for stm32 9.3.0/armtools/bin/../lib/gcc/arm-atollic-eabi/6.3.1/armv7-m\libgcc.a
LOAD c:/program files (x86)/atollic/truestudio for stm32 9.3.0/armtools/bin/../lib/gcc/arm-atollic-eabi/6.3.1/../../../../arm-atollic-eabi/lib/armv7-m\libc_nano.a
END GROUP
START GROUP
LOAD c:/program files (x86)/atollic/truestudio for stm32 9.3.0/armtools/bin/../lib/gcc/arm-atollic-eabi/6.3.1/armv7-m\libgcc.a
LOAD c:/program files (x86)/atollic/truestudio for stm32 9.3.0/armtools/bin/../lib/gcc/arm-atollic-eabi/6.3.1/../../../../arm-atollic-eabi/lib/armv7-m\libc_nano.a
LOAD c:/program files (x86)/atollic/truestudio for stm32 9.3.0/armtools/bin/../lib/gcc/arm-atollic-eabi/6.3.1/../../../../arm-atollic-eabi/lib/armv7-m\libnosys.a
END GROUP
START GROUP
LOAD c:/program files (x86)/atollic/truestudio for stm32 9.3.0/armtools/bin/../lib/gcc/arm-atollic-eabi/6.3.1/armv7-m\libgcc.a
LOAD c:/program files (x86)/atollic/truestudio for stm32 9.3.0/armtools/bin/../lib/gcc/arm-atollic-eabi/6.3.1/../../../../arm-atollic-eabi/lib/armv7-m\libc_nano.a
LOAD c:/program files (x86)/atollic/truestudio for stm32 9.3.0/armtools/bin/../lib/gcc/arm-atollic-eabi/6.3.1/../../../../arm-atollic-eabi/lib/armv7-m\libnosys.a
END GROUP
LOAD c:/program files (x86)/atollic/truestudio for stm32 9.3.0/armtools/bin/../lib/gcc/arm-atollic-eabi/6.3.1/armv7-m/crtend.o
LOAD c:/program files (x86)/atollic/truestudio for stm32 9.3.0/armtools/bin/../lib/gcc/arm-atollic-eabi/6.3.1/armv7-m/crtn.o
                0x20014000                _estack = 0x20014000
                0x00000200                _Min_Heap_Size = 0x200
                0x00000400                _Min_Stack_Size = 0x400

.isr_vector     0x08000000      0x13c
                0x08000000                . = ALIGN (0x4)
 *(.isr_vector)
 .isr_vector    0x08000000      0x13c startup\startup_stm32l152xe.o
                0x08000000                g_pfnVectors
                0x0800013c                . = ALIGN (0x4)

.text           0x0800013c     0x3b18
                0x0800013c                . = ALIGN (0x4)
 *(.text)
 .text          0x0800013c       0x40 c:/program files (x86)/atollic/truestudio for stm32 9.3.0/armtools/bin/../lib/gcc/arm-atollic-eabi/6.3.1/armv7-m/crtbegin.o
 .text          0x0800017c      0x370 c:/program files (x86)/atollic/truestudio for stm32 9.3.0/armtools/bin/../lib/gcc/arm-atollic-eabi/6.3.1/armv7-m\libgcc.a(_arm_addsubdf3.o)
                0x0800017c                __aeabi_drsub
                0x08000184                __aeabi_dsub
                0x08000184                __subdf3
                0x08000188                __aeabi_dadd
                0x08000188                __adddf3
                0x08000400                __floatunsidf
                0x08000400                __aeabi_ui2d
                0x08000420                __floatsidf
                0x08000420                __aeabi_i2d
                0x08000444                __aeabi_f2d
                0x08000444                __extendsfdf2
                0x08000480                __floatundidf
                0x08000480                __aeabi_ul2d
                0x08000490                __floatdidf
                0x08000490                __aeabi_l2d
 .text          0x080004ec      0x424 c:/program files (x86)/atollic/truestudio for stm32 9.3.0/armtools/bin/../lib/gcc/arm-atollic-eabi/6.3.1/armv7-m\libgcc.a(_arm_muldivdf3.o)
                0x080004ec                __aeabi_dmul
                0x080004ec                __muldf3
                0x08000740                __divdf3
                0x08000740                __aeabi_ddiv
 .text          0x08000910       0xa0 c:/program files (x86)/atollic/truestudio for stm32 9.3.0/armtools/bin/../lib/gcc/arm-atollic-eabi/6.3.1/armv7-m\libgcc.a(_arm_truncdfsf2.o)
                0x08000910                __truncdfsf2
                0x08000910                __aeabi_d2f
 .text          0x080009b0       0x30 c:/program files (x86)/atollic/truestudio for stm32 9.3.0/armtools/bin/../lib/gcc/arm-atollic-eabi/6.3.1/armv7-m\libgcc.a(_aeabi_uldivmod.o)
                0x080009b0                __aeabi_uldivmod
 .text          0x080009e0      0x2dc c:/program files (x86)/atollic/truestudio for stm32 9.3.0/armtools/bin/../lib/gcc/arm-atollic-eabi/6.3.1/armv7-m\libgcc.a(_udivmoddi4.o)
                0x080009e0                __udivmoddi4
 .text          0x08000cbc        0x4 c:/program files (x86)/atollic/truestudio for stm32 9.3.0/armtools/bin/../lib/gcc/arm-atollic-eabi/6.3.1/armv7-m\libgcc.a(_dvmd_tls.o)
                0x08000cbc                __aeabi_idiv0
                0x08000cbc                __aeabi_ldiv0
 *(.text*)
 .text.lcd_send_cmd
                0x08000cc0       0x60 Core\Src\i2c-lcd.o
                0x08000cc0                lcd_send_cmd
 .text.lcd_send_data
                0x08000d20       0x60 Core\Src\i2c-lcd.o
                0x08000d20                lcd_send_data
 .text.lcd_clear
                0x08000d80       0x14 Core\Src\i2c-lcd.o
                0x08000d80                lcd_clear
 .text.lcd_put_cur
                0x08000d94       0x3c Core\Src\i2c-lcd.o
                0x08000d94                lcd_put_cur
 .text.lcd_init
                0x08000dd0       0x7a Core\Src\i2c-lcd.o
                0x08000dd0                lcd_init
 .text.lcd_send_string
                0x08000e4a       0x28 Core\Src\i2c-lcd.o
                0x08000e4a                lcd_send_string
 *fill*         0x08000e72        0x2 
 .text.delay    0x08000e74       0x30 Core\Src\main.o
                0x08000e74                delay
 .text.SET_PIN_IN
                0x08000ea4       0x3c Core\Src\main.o
                0x08000ea4                SET_PIN_IN
 .text.SET_PIN_OUT
                0x08000ee0       0x3c Core\Src\main.o
                0x08000ee0                SET_PIN_OUT
 .text.Display_Temp
                0x08000f1c       0x54 Core\Src\main.o
                0x08000f1c                Display_Temp
 .text.Display_Rh
                0x08000f70       0x54 Core\Src\main.o
                0x08000f70                Display_Rh
 .text.DHT22_Start
                0x08000fc4       0x40 Core\Src\main.o
                0x08000fc4                DHT22_Start
 .text.DHT22_Check_Response
                0x08001004       0x5c Core\Src\main.o
                0x08001004                DHT22_Check_Response
 .text.DHT22_Read
                0x08001060       0x90 Core\Src\main.o
                0x08001060                DHT22_Read
 .text.main     0x080010f0      0x150 Core\Src\main.o
                0x080010f0                main
 .text.SystemClock_Config
                0x08001240       0x9c Core\Src\main.o
                0x08001240                SystemClock_Config
 .text.MX_I2C1_Init
                0x080012dc       0x5c Core\Src\main.o
 .text.MX_TIM6_Init
                0x08001338       0x6c Core\Src\main.o
 .text.MX_GPIO_Init
                0x080013a4       0xcc Core\Src\main.o
 .text.Error_Handler
                0x08001470        0x8 Core\Src\main.o
                0x08001470                Error_Handler
 .text.HAL_MspInit
                0x08001478       0x60 Core\Src\stm32l1xx_hal_msp.o
                0x08001478                HAL_MspInit
 .text.HAL_I2C_MspInit
                0x080014d8       0x88 Core\Src\stm32l1xx_hal_msp.o
                0x080014d8                HAL_I2C_MspInit
 .text.HAL_TIM_Base_MspInit
                0x08001560       0x3c Core\Src\stm32l1xx_hal_msp.o
                0x08001560                HAL_TIM_Base_MspInit
 .text.NMI_Handler
                0x0800159c        0x6 Core\Src\stm32l1xx_it.o
                0x0800159c                NMI_Handler
 .text.HardFault_Handler
                0x080015a2        0x6 Core\Src\stm32l1xx_it.o
                0x080015a2                HardFault_Handler
 .text.MemManage_Handler
                0x080015a8        0x6 Core\Src\stm32l1xx_it.o
                0x080015a8                MemManage_Handler
 .text.BusFault_Handler
                0x080015ae        0x6 Core\Src\stm32l1xx_it.o
                0x080015ae                BusFault_Handler
 .text.UsageFault_Handler
                0x080015b4        0x6 Core\Src\stm32l1xx_it.o
                0x080015b4                UsageFault_Handler
 .text.SVC_Handler
                0x080015ba        0xc Core\Src\stm32l1xx_it.o
                0x080015ba                SVC_Handler
 .text.DebugMon_Handler
                0x080015c6        0xc Core\Src\stm32l1xx_it.o
                0x080015c6                DebugMon_Handler
 .text.PendSV_Handler
                0x080015d2        0xc Core\Src\stm32l1xx_it.o
                0x080015d2                PendSV_Handler
 .text.SysTick_Handler
                0x080015de        0xc Core\Src\stm32l1xx_it.o
                0x080015de                SysTick_Handler
 *fill*         0x080015ea        0x2 
 .text._sbrk    0x080015ec       0x58 Core\Src\syscalls.o
                0x080015ec                _sbrk
 .text.SystemInit
                0x08001644        0xc Core\Src\system_stm32l1xx.o
                0x08001644                SystemInit
 .text.HAL_Init
                0x08001650       0x30 Drivers\STM32L1xx_HAL_Driver\Src\stm32l1xx_hal.o
                0x08001650                HAL_Init
 .text.HAL_InitTick
                0x08001680       0x74 Drivers\STM32L1xx_HAL_Driver\Src\stm32l1xx_hal.o
                0x08001680                HAL_InitTick
 .text.HAL_IncTick
                0x080016f4       0x24 Drivers\STM32L1xx_HAL_Driver\Src\stm32l1xx_hal.o
                0x080016f4                HAL_IncTick
 .text.HAL_GetTick
                0x08001718       0x14 Drivers\STM32L1xx_HAL_Driver\Src\stm32l1xx_hal.o
                0x08001718                HAL_GetTick
 .text.HAL_Delay
                0x0800172c       0x44 Drivers\STM32L1xx_HAL_Driver\Src\stm32l1xx_hal.o
                0x0800172c                HAL_Delay
 .text.__NVIC_SetPriorityGrouping
                0x08001770       0x48 Drivers\STM32L1xx_HAL_Driver\Src\stm32l1xx_hal_cortex.o
 .text.__NVIC_GetPriorityGrouping
                0x080017b8       0x1c Drivers\STM32L1xx_HAL_Driver\Src\stm32l1xx_hal_cortex.o
 .text.__NVIC_SetPriority
                0x080017d4       0x54 Drivers\STM32L1xx_HAL_Driver\Src\stm32l1xx_hal_cortex.o
 .text.NVIC_EncodePriority
                0x08001828       0x60 Drivers\STM32L1xx_HAL_Driver\Src\stm32l1xx_hal_cortex.o
 .text.SysTick_Config
                0x08001888       0x44 Drivers\STM32L1xx_HAL_Driver\Src\stm32l1xx_hal_cortex.o
 .text.HAL_NVIC_SetPriorityGrouping
                0x080018cc       0x16 Drivers\STM32L1xx_HAL_Driver\Src\stm32l1xx_hal_cortex.o
                0x080018cc                HAL_NVIC_SetPriorityGrouping
 .text.HAL_NVIC_SetPriority
                0x080018e2       0x38 Drivers\STM32L1xx_HAL_Driver\Src\stm32l1xx_hal_cortex.o
                0x080018e2                HAL_NVIC_SetPriority
 .text.HAL_SYSTICK_Config
                0x0800191a       0x18 Drivers\STM32L1xx_HAL_Driver\Src\stm32l1xx_hal_cortex.o
                0x0800191a                HAL_SYSTICK_Config
 *fill*         0x08001932        0x2 
 .text.HAL_GPIO_Init
                0x08001934      0x31c Drivers\STM32L1xx_HAL_Driver\Src\stm32l1xx_hal_gpio.o
                0x08001934                HAL_GPIO_Init
 .text.HAL_GPIO_ReadPin
                0x08001c50       0x2e Drivers\STM32L1xx_HAL_Driver\Src\stm32l1xx_hal_gpio.o
                0x08001c50                HAL_GPIO_ReadPin
 .text.HAL_GPIO_WritePin
                0x08001c7e       0x30 Drivers\STM32L1xx_HAL_Driver\Src\stm32l1xx_hal_gpio.o
                0x08001c7e                HAL_GPIO_WritePin
 *fill*         0x08001cae        0x2 
 .text.HAL_I2C_Init
                0x08001cb0      0x270 Drivers\STM32L1xx_HAL_Driver\Src\stm32l1xx_hal_i2c.o
                0x08001cb0                HAL_I2C_Init
 .text.HAL_I2C_Master_Transmit
                0x08001f20      0x1fc Drivers\STM32L1xx_HAL_Driver\Src\stm32l1xx_hal_i2c.o
                0x08001f20                HAL_I2C_Master_Transmit
 .text.I2C_MasterRequestWrite
                0x0800211c      0x104 Drivers\STM32L1xx_HAL_Driver\Src\stm32l1xx_hal_i2c.o
 .text.I2C_WaitOnFlagUntilTimeout
                0x08002220       0xae Drivers\STM32L1xx_HAL_Driver\Src\stm32l1xx_hal_i2c.o
 .text.I2C_WaitOnMasterAddressFlagUntilTimeout
                0x080022ce       0xfe Drivers\STM32L1xx_HAL_Driver\Src\stm32l1xx_hal_i2c.o
 .text.I2C_WaitOnTXEFlagUntilTimeout
                0x080023cc       0x82 Drivers\STM32L1xx_HAL_Driver\Src\stm32l1xx_hal_i2c.o
 .text.I2C_WaitOnBTFFlagUntilTimeout
                0x0800244e       0x82 Drivers\STM32L1xx_HAL_Driver\Src\stm32l1xx_hal_i2c.o
 .text.I2C_IsAcknowledgeFailed
                0x080024d0       0x5c Drivers\STM32L1xx_HAL_Driver\Src\stm32l1xx_hal_i2c.o
 .text.HAL_RCC_OscConfig
                0x0800252c      0x660 Drivers\STM32L1xx_HAL_Driver\Src\stm32l1xx_hal_rcc.o
                0x0800252c                HAL_RCC_OscConfig
 .text.HAL_RCC_ClockConfig
                0x08002b8c      0x268 Drivers\STM32L1xx_HAL_Driver\Src\stm32l1xx_hal_rcc.o
                0x08002b8c                HAL_RCC_ClockConfig
 .text.HAL_RCC_GetSysClockFreq
                0x08002df4      0x194 Drivers\STM32L1xx_HAL_Driver\Src\stm32l1xx_hal_rcc.o
                0x08002df4                HAL_RCC_GetSysClockFreq
 .text.HAL_RCC_GetHCLKFreq
                0x08002f88       0x14 Drivers\STM32L1xx_HAL_Driver\Src\stm32l1xx_hal_rcc.o
                0x08002f88                HAL_RCC_GetHCLKFreq
 .text.HAL_RCC_GetPCLK1Freq
                0x08002f9c       0x28 Drivers\STM32L1xx_HAL_Driver\Src\stm32l1xx_hal_rcc.o
                0x08002f9c                HAL_RCC_GetPCLK1Freq
 .text.RCC_SetFlashLatencyFromMSIRange
                0x08002fc4       0xc0 Drivers\STM32L1xx_HAL_Driver\Src\stm32l1xx_hal_rcc.o
 .text.HAL_TIM_Base_Init
                0x08003084       0x7e Drivers\STM32L1xx_HAL_Driver\Src\stm32l1xx_hal_tim.o
                0x08003084                HAL_TIM_Base_Init
 *fill*         0x08003102        0x2 
 .text.HAL_TIM_Base_Start
                0x08003104       0x94 Drivers\STM32L1xx_HAL_Driver\Src\stm32l1xx_hal_tim.o
                0x08003104                HAL_TIM_Base_Start
 .text.TIM_Base_SetConfig
                0x08003198       0xe0 Drivers\STM32L1xx_HAL_Driver\Src\stm32l1xx_hal_tim.o
 .text.HAL_TIMEx_MasterConfigSynchronization
                0x08003278       0xbc Drivers\STM32L1xx_HAL_Driver\Src\stm32l1xx_hal_tim_ex.o
                0x08003278                HAL_TIMEx_MasterConfigSynchronization
 .text.Reset_Handler
                0x08003334       0x48 startup\startup_stm32l152xe.o
                0x08003334                Reset_Handler
 .text.Default_Handler
                0x0800337c        0x2 startup\startup_stm32l152xe.o
                0x0800337c                RTC_Alarm_IRQHandler
                0x0800337c                EXTI2_IRQHandler
                0x0800337c                COMP_ACQ_IRQHandler
                0x0800337c                TIM10_IRQHandler
                0x0800337c                USB_HP_IRQHandler
                0x0800337c                TIM6_IRQHandler
                0x0800337c                PVD_IRQHandler
                0x0800337c                EXTI3_IRQHandler
                0x0800337c                EXTI0_IRQHandler
                0x0800337c                I2C2_EV_IRQHandler
                0x0800337c                SPI1_IRQHandler
                0x0800337c                USB_FS_WKUP_IRQHandler
                0x0800337c                DMA2_Channel2_IRQHandler
                0x0800337c                DMA1_Channel4_IRQHandler
                0x0800337c                ADC1_IRQHandler
                0x0800337c                USART3_IRQHandler
                0x0800337c                DMA1_Channel7_IRQHandler
                0x0800337c                LCD_IRQHandler
                0x0800337c                UART5_IRQHandler
                0x0800337c                TIM4_IRQHandler
                0x0800337c                DMA2_Channel1_IRQHandler
                0x0800337c                I2C1_EV_IRQHandler
                0x0800337c                DMA1_Channel6_IRQHandler
                0x0800337c                UART4_IRQHandler
                0x0800337c                DMA2_Channel4_IRQHandler
                0x0800337c                TIM3_IRQHandler
                0x0800337c                RCC_IRQHandler
                0x0800337c                DMA1_Channel1_IRQHandler
                0x0800337c                Default_Handler
                0x0800337c                EXTI15_10_IRQHandler
                0x0800337c                TIM7_IRQHandler
                0x0800337c                TIM5_IRQHandler
                0x0800337c                EXTI9_5_IRQHandler
                0x0800337c                TIM9_IRQHandler
                0x0800337c                TAMPER_STAMP_IRQHandler
                0x0800337c                RTC_WKUP_IRQHandler
                0x0800337c                SPI2_IRQHandler
                0x0800337c                DMA2_Channel5_IRQHandler
                0x0800337c                DMA1_Channel5_IRQHandler
                0x0800337c                USB_LP_IRQHandler
                0x0800337c                EXTI4_IRQHandler
                0x0800337c                DMA1_Channel3_IRQHandler
                0x0800337c                COMP_IRQHandler
                0x0800337c                WWDG_IRQHandler
                0x0800337c                TIM2_IRQHandler
                0x0800337c                DAC_IRQHandler
                0x0800337c                EXTI1_IRQHandler
                0x0800337c                TIM11_IRQHandler
                0x0800337c                USART2_IRQHandler
                0x0800337c                I2C2_ER_IRQHandler
                0x0800337c                DMA1_Channel2_IRQHandler
                0x0800337c                FLASH_IRQHandler
                0x0800337c                USART1_IRQHandler
                0x0800337c                SPI3_IRQHandler
                0x0800337c                I2C1_ER_IRQHandler
                0x0800337c                DMA2_Channel3_IRQHandler
 *fill*         0x0800337e        0x2 
 .text.__errno  0x08003380        0xc c:/program files (x86)/atollic/truestudio for stm32 9.3.0/armtools/bin/../lib/gcc/arm-atollic-eabi/6.3.1/../../../../arm-atollic-eabi/lib/armv7-m\libc_nano.a(lib_a-errno.o)
                0x08003380                __errno
 .text.__libc_init_array
                0x0800338c       0x48 c:/program files (x86)/atollic/truestudio for stm32 9.3.0/armtools/bin/../lib/gcc/arm-atollic-eabi/6.3.1/../../../../arm-atollic-eabi/lib/armv7-m\libc_nano.a(lib_a-init.o)
                0x0800338c                __libc_init_array
 .text.memset   0x080033d4       0x10 c:/program files (x86)/atollic/truestudio for stm32 9.3.0/armtools/bin/../lib/gcc/arm-atollic-eabi/6.3.1/../../../../arm-atollic-eabi/lib/armv7-m\libc_nano.a(lib_a-memset.o)
                0x080033d4                memset
 .text.sprintf  0x080033e4       0x48 c:/program files (x86)/atollic/truestudio for stm32 9.3.0/armtools/bin/../lib/gcc/arm-atollic-eabi/6.3.1/../../../../arm-atollic-eabi/lib/armv7-m\libc_nano.a(lib_a-sprintf.o)
                0x080033e4                siprintf
                0x080033e4                sprintf
 .text.__ssputs_r
                0x0800342c       0xb6 c:/program files (x86)/atollic/truestudio for stm32 9.3.0/armtools/bin/../lib/gcc/arm-atollic-eabi/6.3.1/../../../../arm-atollic-eabi/lib/armv7-m\libc_nano.a(lib_a-nano-svfprintf.o)
                0x0800342c                __ssputs_r
 *fill*         0x080034e2        0x2 
 .text._svfprintf_r
                0x080034e4      0x1e8 c:/program files (x86)/atollic/truestudio for stm32 9.3.0/armtools/bin/../lib/gcc/arm-atollic-eabi/6.3.1/../../../../arm-atollic-eabi/lib/armv7-m\libc_nano.a(lib_a-nano-svfprintf.o)
                0x080034e4                _svfiprintf_r
                0x080034e4                _svfprintf_r
 .text._printf_common
                0x080036cc       0xee c:/program files (x86)/atollic/truestudio for stm32 9.3.0/armtools/bin/../lib/gcc/arm-atollic-eabi/6.3.1/../../../../arm-atollic-eabi/lib/armv7-m\libc_nano.a(lib_a-nano-vfprintf_i.o)
                0x080036cc                _printf_common
 *fill*         0x080037ba        0x2 
 .text._printf_i
                0x080037bc      0x240 c:/program files (x86)/atollic/truestudio for stm32 9.3.0/armtools/bin/../lib/gcc/arm-atollic-eabi/6.3.1/../../../../arm-atollic-eabi/lib/armv7-m\libc_nano.a(lib_a-nano-vfprintf_i.o)
                0x080037bc                _printf_i
 .text.memchr   0x080039fc       0x1c c:/program files (x86)/atollic/truestudio for stm32 9.3.0/armtools/bin/../lib/gcc/arm-atollic-eabi/6.3.1/../../../../arm-atollic-eabi/lib/armv7-m\libc_nano.a(lib_a-memchr-stub.o)
                0x080039fc                memchr
 .text.memcpy   0x08003a18       0x16 c:/program files (x86)/atollic/truestudio for stm32 9.3.0/armtools/bin/../lib/gcc/arm-atollic-eabi/6.3.1/../../../../arm-atollic-eabi/lib/armv7-m\libc_nano.a(lib_a-memcpy-stub.o)
                0x08003a18                memcpy
 .text.memmove  0x08003a2e       0x34 c:/program files (x86)/atollic/truestudio for stm32 9.3.0/armtools/bin/../lib/gcc/arm-atollic-eabi/6.3.1/../../../../arm-atollic-eabi/lib/armv7-m\libc_nano.a(lib_a-memmove.o)
                0x08003a2e                memmove
 *fill*         0x08003a62        0x2 
 .text._free_r  0x08003a64       0x98 c:/program files (x86)/atollic/truestudio for stm32 9.3.0/armtools/bin/../lib/gcc/arm-atollic-eabi/6.3.1/../../../../arm-atollic-eabi/lib/armv7-m\libc_nano.a(lib_a-nano-freer.o)
                0x08003a64                _free_r
 .text._malloc_r
                0x08003afc       0xbc c:/program files (x86)/atollic/truestudio for stm32 9.3.0/armtools/bin/../lib/gcc/arm-atollic-eabi/6.3.1/../../../../arm-atollic-eabi/lib/armv7-m\libc_nano.a(lib_a-nano-mallocr.o)
                0x08003afc                _malloc_r
 .text._realloc_r
                0x08003bb8       0x4c c:/program files (x86)/atollic/truestudio for stm32 9.3.0/armtools/bin/../lib/gcc/arm-atollic-eabi/6.3.1/../../../../arm-atollic-eabi/lib/armv7-m\libc_nano.a(lib_a-nano-reallocr.o)
                0x08003bb8                _realloc_r
 .text._sbrk_r  0x08003c04       0x20 c:/program files (x86)/atollic/truestudio for stm32 9.3.0/armtools/bin/../lib/gcc/arm-atollic-eabi/6.3.1/../../../../arm-atollic-eabi/lib/armv7-m\libc_nano.a(lib_a-sbrkr.o)
                0x08003c04                _sbrk_r
 .text.__malloc_lock
                0x08003c24        0x2 c:/program files (x86)/atollic/truestudio for stm32 9.3.0/armtools/bin/../lib/gcc/arm-atollic-eabi/6.3.1/../../../../arm-atollic-eabi/lib/armv7-m\libc_nano.a(lib_a-mlock.o)
                0x08003c24                __malloc_lock
 .text.__malloc_unlock
                0x08003c26        0x2 c:/program files (x86)/atollic/truestudio for stm32 9.3.0/armtools/bin/../lib/gcc/arm-atollic-eabi/6.3.1/../../../../arm-atollic-eabi/lib/armv7-m\libc_nano.a(lib_a-mlock.o)
                0x08003c26                __malloc_unlock
 .text._malloc_usable_size_r
                0x08003c28       0x12 c:/program files (x86)/atollic/truestudio for stm32 9.3.0/armtools/bin/../lib/gcc/arm-atollic-eabi/6.3.1/../../../../arm-atollic-eabi/lib/armv7-m\libc_nano.a(lib_a-nano-msizer.o)
                0x08003c28                _malloc_usable_size_r
 *(.glue_7)
 .glue_7        0x08003c3a        0x0 linker stubs
 *(.glue_7t)
 .glue_7t       0x08003c3a        0x0 linker stubs
 *(.eh_frame)
 *fill*         0x08003c3a        0x2 
 .eh_frame      0x08003c3c        0x0 c:/program files (x86)/atollic/truestudio for stm32 9.3.0/armtools/bin/../lib/gcc/arm-atollic-eabi/6.3.1/armv7-m/crtbegin.o
 *(.init)
 .init          0x08003c3c        0x4 c:/program files (x86)/atollic/truestudio for stm32 9.3.0/armtools/bin/../lib/gcc/arm-atollic-eabi/6.3.1/armv7-m/crti.o
                0x08003c3c                _init
 .init          0x08003c40        0x8 c:/program files (x86)/atollic/truestudio for stm32 9.3.0/armtools/bin/../lib/gcc/arm-atollic-eabi/6.3.1/armv7-m/crtn.o
 *(.fini)
 .fini          0x08003c48        0x4 c:/program files (x86)/atollic/truestudio for stm32 9.3.0/armtools/bin/../lib/gcc/arm-atollic-eabi/6.3.1/armv7-m/crti.o
                0x08003c48                _fini
 .fini          0x08003c4c        0x8 c:/program files (x86)/atollic/truestudio for stm32 9.3.0/armtools/bin/../lib/gcc/arm-atollic-eabi/6.3.1/armv7-m/crtn.o
                0x08003c54                . = ALIGN (0x4)
                0x08003c54                _etext = .

.vfp11_veneer   0x08003c54        0x0
 .vfp11_veneer  0x08003c54        0x0 linker stubs

.v4_bx          0x08003c54        0x0
 .v4_bx         0x08003c54        0x0 linker stubs

.iplt           0x08003c54        0x0
 .iplt          0x08003c54        0x0 c:/program files (x86)/atollic/truestudio for stm32 9.3.0/armtools/bin/../lib/gcc/arm-atollic-eabi/6.3.1/armv7-m/crtbegin.o

.rodata         0x08003c54       0x8c
                0x08003c54                . = ALIGN (0x4)
 *(.rodata)
 .rodata        0x08003c54       0x31 Core\Src\main.o
 *(.rodata*)
 *fill*         0x08003c85        0x3 
 .rodata.PLLMulTable
                0x08003c88        0x9 Core\Src\system_stm32l1xx.o
                0x08003c88                PLLMulTable
 *fill*         0x08003c91        0x3 
 .rodata.AHBPrescTable
                0x08003c94       0x10 Core\Src\system_stm32l1xx.o
                0x08003c94                AHBPrescTable
 .rodata.APBPrescTable
                0x08003ca4        0x8 Core\Src\system_stm32l1xx.o
                0x08003ca4                APBPrescTable
 .rodata._svfprintf_r.str1.1
                0x08003cac       0x11 c:/program files (x86)/atollic/truestudio for stm32 9.3.0/armtools/bin/../lib/gcc/arm-atollic-eabi/6.3.1/../../../../arm-atollic-eabi/lib/armv7-m\libc_nano.a(lib_a-nano-svfprintf.o)
 .rodata._printf_i.str1.1
                0x08003cbd       0x22 c:/program files (x86)/atollic/truestudio for stm32 9.3.0/armtools/bin/../lib/gcc/arm-atollic-eabi/6.3.1/../../../../arm-atollic-eabi/lib/armv7-m\libc_nano.a(lib_a-nano-vfprintf_i.o)
                0x08003ce0                . = ALIGN (0x4)
 *fill*         0x08003cdf        0x1 

.ARM.extab
 *(.ARM.extab* .gnu.linkonce.armextab.*)

.ARM            0x08003ce0        0x8
                0x08003ce0                __exidx_start = .
 *(.ARM.exidx*)
 .ARM.exidx     0x08003ce0        0x8 c:/program files (x86)/atollic/truestudio for stm32 9.3.0/armtools/bin/../lib/gcc/arm-atollic-eabi/6.3.1/armv7-m\libgcc.a(_udivmoddi4.o)
                0x08003ce8                __exidx_end = .

.rel.dyn        0x08003ce8        0x0
 .rel.iplt      0x08003ce8        0x0 c:/program files (x86)/atollic/truestudio for stm32 9.3.0/armtools/bin/../lib/gcc/arm-atollic-eabi/6.3.1/armv7-m/crtbegin.o

.preinit_array  0x08003ce8        0x0
                0x08003ce8                PROVIDE (__preinit_array_start, .)
 *(.preinit_array*)
                0x08003ce8                PROVIDE (__preinit_array_end, .)

.init_array     0x08003ce8        0x4
                0x08003ce8                PROVIDE (__init_array_start, .)
 *(SORT(.init_array.*))
 *(.init_array*)
 .init_array    0x08003ce8        0x4 c:/program files (x86)/atollic/truestudio for stm32 9.3.0/armtools/bin/../lib/gcc/arm-atollic-eabi/6.3.1/armv7-m/crtbegin.o
                0x08003cec                PROVIDE (__init_array_end, .)

.fini_array     0x08003cec        0x4
                [!provide]                PROVIDE (__fini_array_start, .)
 *(SORT(.fini_array.*))
 *(.fini_array*)
 .fini_array    0x08003cec        0x4 c:/program files (x86)/atollic/truestudio for stm32 9.3.0/armtools/bin/../lib/gcc/arm-atollic-eabi/6.3.1/armv7-m/crtbegin.o
                [!provide]                PROVIDE (__fini_array_end, .)
                0x08003cf0                _sidata = LOADADDR (.data)

.data           0x20000000       0x70 load address 0x08003cf0
                0x20000000                . = ALIGN (0x4)
                0x20000000                _sdata = .
 *(.data)
 *(.data*)
 .data.SystemCoreClock
                0x20000000        0x4 Core\Src\system_stm32l1xx.o
                0x20000000                SystemCoreClock
 .data.uwTickPrio
                0x20000004        0x4 Drivers\STM32L1xx_HAL_Driver\Src\stm32l1xx_hal.o
                0x20000004                uwTickPrio
 .data.uwTickFreq
                0x20000008        0x4 Drivers\STM32L1xx_HAL_Driver\Src\stm32l1xx_hal.o
                0x20000008                uwTickFreq
 .data._impure_ptr
                0x2000000c        0x4 c:/program files (x86)/atollic/truestudio for stm32 9.3.0/armtools/bin/../lib/gcc/arm-atollic-eabi/6.3.1/../../../../arm-atollic-eabi/lib/armv7-m\libc_nano.a(lib_a-impure.o)
                0x2000000c                _impure_ptr
 .data.impure_data
                0x20000010       0x60 c:/program files (x86)/atollic/truestudio for stm32 9.3.0/armtools/bin/../lib/gcc/arm-atollic-eabi/6.3.1/../../../../arm-atollic-eabi/lib/armv7-m\libc_nano.a(lib_a-impure.o)
                0x20000070                . = ALIGN (0x4)
                0x20000070                _edata = .

.igot.plt       0x20000070        0x0 load address 0x08003d60
 .igot.plt      0x20000070        0x0 c:/program files (x86)/atollic/truestudio for stm32 9.3.0/armtools/bin/../lib/gcc/arm-atollic-eabi/6.3.1/armv7-m/crtbegin.o
                0x20000070                . = ALIGN (0x4)

.bss            0x20000070       0xe0 load address 0x08003d60
                0x20000070                _sbss = .
                0x20000070                __bss_start__ = _sbss
 *(.bss)
 .bss           0x20000070       0x1c c:/program files (x86)/atollic/truestudio for stm32 9.3.0/armtools/bin/../lib/gcc/arm-atollic-eabi/6.3.1/armv7-m/crtbegin.o
 *(.bss*)
 .bss.Temperature
                0x2000008c        0x4 Core\Src\main.o
                0x2000008c                Temperature
 .bss.Humidity  0x20000090        0x4 Core\Src\main.o
                0x20000090                Humidity
 .bss.Flag1     0x20000094        0x1 Core\Src\main.o
                0x20000094                Flag1
 *fill*         0x20000095        0x3 
 .bss.heap_end.5887
                0x20000098        0x4 Core\Src\syscalls.o
 .bss.__malloc_free_list
                0x2000009c        0x4 c:/program files (x86)/atollic/truestudio for stm32 9.3.0/armtools/bin/../lib/gcc/arm-atollic-eabi/6.3.1/../../../../arm-atollic-eabi/lib/armv7-m\libc_nano.a(lib_a-nano-mallocr.o)
                0x2000009c                __malloc_free_list
 .bss.__malloc_sbrk_start
                0x200000a0        0x4 c:/program files (x86)/atollic/truestudio for stm32 9.3.0/armtools/bin/../lib/gcc/arm-atollic-eabi/6.3.1/../../../../arm-atollic-eabi/lib/armv7-m\libc_nano.a(lib_a-nano-mallocr.o)
                0x200000a0                __malloc_sbrk_start
 *(COMMON)
 COMMON         0x200000a4       0xa1 Core\Src\main.o
                0x200000a4                hi2c1
                0x200000f8                RH
                0x200000fa                Temp_b2
                0x200000fc                TEMP
                0x20000100                htim6
                0x20000140                Rh_b2
                0x20000141                Temp_b1
                0x20000142                SUM
                0x20000144                Rh_b1
 *fill*         0x20000145        0x3 
 COMMON         0x20000148        0x4 Drivers\STM32L1xx_HAL_Driver\Src\stm32l1xx_hal.o
                0x20000148                uwTick
 COMMON         0x2000014c        0x4 c:/program files (x86)/atollic/truestudio for stm32 9.3.0/armtools/bin/../lib/gcc/arm-atollic-eabi/6.3.1/../../../../arm-atollic-eabi/lib/armv7-m\libc_nano.a(lib_a-reent.o)
                0x2000014c                errno
                0x20000150                . = ALIGN (0x4)
                0x20000150                _ebss = .
                0x20000150                __bss_end__ = _ebss

._user_heap_stack
                0x20000150      0x600 load address 0x08003d60
                0x20000150                . = ALIGN (0x4)
                0x20000150                PROVIDE (end, .)
                [!provide]                PROVIDE (_end, .)
                0x20000350                . = (. + _Min_Heap_Size)
 *fill*         0x20000150      0x200 
                0x20000750                . = (. + _Min_Stack_Size)
 *fill*         0x20000350      0x400 
                0x20000750                . = ALIGN (0x4)

/DISCARD/
 libc.a(*)
 libm.a(*)
 libgcc.a(*)

.ARM.attributes
                0x00000000       0x29
 *(.ARM.attributes)
 .ARM.attributes
                0x00000000       0x1d c:/program files (x86)/atollic/truestudio for stm32 9.3.0/armtools/bin/../lib/gcc/arm-atollic-eabi/6.3.1/armv7-m/crti.o
 .ARM.attributes
                0x0000001d       0x2d c:/program files (x86)/atollic/truestudio for stm32 9.3.0/armtools/bin/../lib/gcc/arm-atollic-eabi/6.3.1/armv7-m/crtbegin.o
 .ARM.attributes
                0x0000004a       0x33 Core\Src\i2c-lcd.o
 .ARM.attributes
                0x0000007d       0x33 Core\Src\main.o
 .ARM.attributes
                0x000000b0       0x33 Core\Src\stm32l1xx_hal_msp.o
 .ARM.attributes
                0x000000e3       0x33 Core\Src\stm32l1xx_it.o
 .ARM.attributes
                0x00000116       0x33 Core\Src\syscalls.o
 .ARM.attributes
                0x00000149       0x33 Core\Src\system_stm32l1xx.o
 .ARM.attributes
                0x0000017c       0x33 Drivers\STM32L1xx_HAL_Driver\Src\stm32l1xx_hal.o
 .ARM.attributes
                0x000001af       0x33 Drivers\STM32L1xx_HAL_Driver\Src\stm32l1xx_hal_cortex.o
 .ARM.attributes
                0x000001e2       0x33 Drivers\STM32L1xx_HAL_Driver\Src\stm32l1xx_hal_gpio.o
 .ARM.attributes
                0x00000215       0x33 Drivers\STM32L1xx_HAL_Driver\Src\stm32l1xx_hal_i2c.o
 .ARM.attributes
                0x00000248       0x33 Drivers\STM32L1xx_HAL_Driver\Src\stm32l1xx_hal_rcc.o
 .ARM.attributes
                0x0000027b       0x33 Drivers\STM32L1xx_HAL_Driver\Src\stm32l1xx_hal_tim.o
 .ARM.attributes
                0x000002ae       0x33 Drivers\STM32L1xx_HAL_Driver\Src\stm32l1xx_hal_tim_ex.o
 .ARM.attributes
                0x000002e1       0x21 startup\startup_stm32l152xe.o
 .ARM.attributes
                0x00000302       0x2d c:/program files (x86)/atollic/truestudio for stm32 9.3.0/armtools/bin/../lib/gcc/arm-atollic-eabi/6.3.1/../../../../arm-atollic-eabi/lib/armv7-m\libc_nano.a(lib_a-errno.o)
 .ARM.attributes
                0x0000032f       0x2d c:/program files (x86)/atollic/truestudio for stm32 9.3.0/armtools/bin/../lib/gcc/arm-atollic-eabi/6.3.1/../../../../arm-atollic-eabi/lib/armv7-m\libc_nano.a(lib_a-impure.o)
 .ARM.attributes
                0x0000035c       0x2d c:/program files (x86)/atollic/truestudio for stm32 9.3.0/armtools/bin/../lib/gcc/arm-atollic-eabi/6.3.1/../../../../arm-atollic-eabi/lib/armv7-m\libc_nano.a(lib_a-init.o)
 .ARM.attributes
                0x00000389       0x2d c:/program files (x86)/atollic/truestudio for stm32 9.3.0/armtools/bin/../lib/gcc/arm-atollic-eabi/6.3.1/../../../../arm-atollic-eabi/lib/armv7-m\libc_nano.a(lib_a-memset.o)
 .ARM.attributes
                0x000003b6       0x2d c:/program files (x86)/atollic/truestudio for stm32 9.3.0/armtools/bin/../lib/gcc/arm-atollic-eabi/6.3.1/../../../../arm-atollic-eabi/lib/armv7-m\libc_nano.a(lib_a-sprintf.o)
 .ARM.attributes
                0x000003e3       0x2d c:/program files (x86)/atollic/truestudio for stm32 9.3.0/armtools/bin/../lib/gcc/arm-atollic-eabi/6.3.1/../../../../arm-atollic-eabi/lib/armv7-m\libc_nano.a(lib_a-nano-svfprintf.o)
 .ARM.attributes
                0x00000410       0x2d c:/program files (x86)/atollic/truestudio for stm32 9.3.0/armtools/bin/../lib/gcc/arm-atollic-eabi/6.3.1/../../../../arm-atollic-eabi/lib/armv7-m\libc_nano.a(lib_a-nano-vfprintf_i.o)
 .ARM.attributes
                0x0000043d       0x2d c:/program files (x86)/atollic/truestudio for stm32 9.3.0/armtools/bin/../lib/gcc/arm-atollic-eabi/6.3.1/../../../../arm-atollic-eabi/lib/armv7-m\libc_nano.a(lib_a-memchr-stub.o)
 .ARM.attributes
                0x0000046a       0x2d c:/program files (x86)/atollic/truestudio for stm32 9.3.0/armtools/bin/../lib/gcc/arm-atollic-eabi/6.3.1/../../../../arm-atollic-eabi/lib/armv7-m\libc_nano.a(lib_a-memcpy-stub.o)
 .ARM.attributes
                0x00000497       0x2d c:/program files (x86)/atollic/truestudio for stm32 9.3.0/armtools/bin/../lib/gcc/arm-atollic-eabi/6.3.1/../../../../arm-atollic-eabi/lib/armv7-m\libc_nano.a(lib_a-memmove.o)
 .ARM.attributes
                0x000004c4       0x2d c:/program files (x86)/atollic/truestudio for stm32 9.3.0/armtools/bin/../lib/gcc/arm-atollic-eabi/6.3.1/../../../../arm-atollic-eabi/lib/armv7-m\libc_nano.a(lib_a-nano-freer.o)
 .ARM.attributes
                0x000004f1       0x2d c:/program files (x86)/atollic/truestudio for stm32 9.3.0/armtools/bin/../lib/gcc/arm-atollic-eabi/6.3.1/../../../../arm-atollic-eabi/lib/armv7-m\libc_nano.a(lib_a-nano-mallocr.o)
 .ARM.attributes
                0x0000051e       0x2d c:/program files (x86)/atollic/truestudio for stm32 9.3.0/armtools/bin/../lib/gcc/arm-atollic-eabi/6.3.1/../../../../arm-atollic-eabi/lib/armv7-m\libc_nano.a(lib_a-nano-reallocr.o)
 .ARM.attributes
                0x0000054b       0x2d c:/program files (x86)/atollic/truestudio for stm32 9.3.0/armtools/bin/../lib/gcc/arm-atollic-eabi/6.3.1/../../../../arm-atollic-eabi/lib/armv7-m\libc_nano.a(lib_a-sbrkr.o)
 .ARM.attributes
                0x00000578       0x2d c:/program files (x86)/atollic/truestudio for stm32 9.3.0/armtools/bin/../lib/gcc/arm-atollic-eabi/6.3.1/../../../../arm-atollic-eabi/lib/armv7-m\libc_nano.a(lib_a-mlock.o)
 .ARM.attributes
                0x000005a5       0x2d c:/program files (x86)/atollic/truestudio for stm32 9.3.0/armtools/bin/../lib/gcc/arm-atollic-eabi/6.3.1/../../../../arm-atollic-eabi/lib/armv7-m\libc_nano.a(lib_a-nano-msizer.o)
 .ARM.attributes
                0x000005d2       0x2d c:/program files (x86)/atollic/truestudio for stm32 9.3.0/armtools/bin/../lib/gcc/arm-atollic-eabi/6.3.1/../../../../arm-atollic-eabi/lib/armv7-m\libc_nano.a(lib_a-reent.o)
 .ARM.attributes
                0x000005ff       0x1d c:/program files (x86)/atollic/truestudio for stm32 9.3.0/armtools/bin/../lib/gcc/arm-atollic-eabi/6.3.1/armv7-m\libgcc.a(_arm_addsubdf3.o)
 .ARM.attributes
                0x0000061c       0x1d c:/program files (x86)/atollic/truestudio for stm32 9.3.0/armtools/bin/../lib/gcc/arm-atollic-eabi/6.3.1/armv7-m\libgcc.a(_arm_muldivdf3.o)
 .ARM.attributes
                0x00000639       0x1d c:/program files (x86)/atollic/truestudio for stm32 9.3.0/armtools/bin/../lib/gcc/arm-atollic-eabi/6.3.1/armv7-m\libgcc.a(_arm_truncdfsf2.o)
 .ARM.attributes
                0x00000656       0x1d c:/program files (x86)/atollic/truestudio for stm32 9.3.0/armtools/bin/../lib/gcc/arm-atollic-eabi/6.3.1/armv7-m\libgcc.a(_aeabi_uldivmod.o)
 .ARM.attributes
                0x00000673       0x2d c:/program files (x86)/atollic/truestudio for stm32 9.3.0/armtools/bin/../lib/gcc/arm-atollic-eabi/6.3.1/armv7-m\libgcc.a(_udivmoddi4.o)
 .ARM.attributes
                0x000006a0       0x1d c:/program files (x86)/atollic/truestudio for stm32 9.3.0/armtools/bin/../lib/gcc/arm-atollic-eabi/6.3.1/armv7-m\libgcc.a(_dvmd_tls.o)
 .ARM.attributes
                0x000006bd       0x1d c:/program files (x86)/atollic/truestudio for stm32 9.3.0/armtools/bin/../lib/gcc/arm-atollic-eabi/6.3.1/armv7-m/crtn.o
OUTPUT(testDHT22.elf elf32-littlearm)

.debug_info     0x00000000     0xb68b
 .debug_info    0x00000000      0x744 Core\Src\i2c-lcd.o
 .debug_info    0x00000744     0x1840 Core\Src\main.o
 .debug_info    0x00001f84      0xc1c Core\Src\stm32l1xx_hal_msp.o
 .debug_info    0x00002ba0      0x1ff Core\Src\stm32l1xx_it.o
 .debug_info    0x00002d9f      0xf16 Core\Src\syscalls.o
 .debug_info    0x00003cb5      0x2d2 Core\Src\system_stm32l1xx.o
 .debug_info    0x00003f87      0x72c Drivers\STM32L1xx_HAL_Driver\Src\stm32l1xx_hal.o
 .debug_info    0x000046b3      0xd85 Drivers\STM32L1xx_HAL_Driver\Src\stm32l1xx_hal_cortex.o
 .debug_info    0x00005438      0x6ac Drivers\STM32L1xx_HAL_Driver\Src\stm32l1xx_hal_gpio.o
 .debug_info    0x00005ae4     0x23ea Drivers\STM32L1xx_HAL_Driver\Src\stm32l1xx_hal_i2c.o
 .debug_info    0x00007ece      0x94f Drivers\STM32L1xx_HAL_Driver\Src\stm32l1xx_hal_rcc.o
 .debug_info    0x0000881d     0x26b5 Drivers\STM32L1xx_HAL_Driver\Src\stm32l1xx_hal_tim.o
 .debug_info    0x0000aed2      0x753 Drivers\STM32L1xx_HAL_Driver\Src\stm32l1xx_hal_tim_ex.o
 .debug_info    0x0000b625       0x66 startup\startup_stm32l152xe.o

.debug_abbrev   0x00000000     0x1963
 .debug_abbrev  0x00000000      0x18b Core\Src\i2c-lcd.o
 .debug_abbrev  0x0000018b      0x317 Core\Src\main.o
 .debug_abbrev  0x000004a2      0x1b0 Core\Src\stm32l1xx_hal_msp.o
 .debug_abbrev  0x00000652       0xa9 Core\Src\stm32l1xx_it.o
 .debug_abbrev  0x000006fb      0x271 Core\Src\syscalls.o
 .debug_abbrev  0x0000096c      0x10e Core\Src\system_stm32l1xx.o
 .debug_abbrev  0x00000a7a      0x216 Drivers\STM32L1xx_HAL_Driver\Src\stm32l1xx_hal.o
 .debug_abbrev  0x00000c90      0x2f5 Drivers\STM32L1xx_HAL_Driver\Src\stm32l1xx_hal_cortex.o
 .debug_abbrev  0x00000f85      0x1c4 Drivers\STM32L1xx_HAL_Driver\Src\stm32l1xx_hal_gpio.o
 .debug_abbrev  0x00001149      0x24f Drivers\STM32L1xx_HAL_Driver\Src\stm32l1xx_hal_i2c.o
 .debug_abbrev  0x00001398      0x233 Drivers\STM32L1xx_HAL_Driver\Src\stm32l1xx_hal_rcc.o
 .debug_abbrev  0x000015cb      0x229 Drivers\STM32L1xx_HAL_Driver\Src\stm32l1xx_hal_tim.o
 .debug_abbrev  0x000017f4      0x15d Drivers\STM32L1xx_HAL_Driver\Src\stm32l1xx_hal_tim_ex.o
 .debug_abbrev  0x00001951       0x12 startup\startup_stm32l152xe.o

.debug_aranges  0x00000000      0xbe8
 .debug_aranges
                0x00000000       0x48 Core\Src\i2c-lcd.o
 .debug_aranges
                0x00000048       0x88 Core\Src\main.o
 .debug_aranges
                0x000000d0       0x40 Core\Src\stm32l1xx_hal_msp.o
 .debug_aranges
                0x00000110       0x60 Core\Src\stm32l1xx_it.o
 .debug_aranges
                0x00000170       0xb0 Core\Src\syscalls.o
 .debug_aranges
                0x00000220       0x28 Core\Src\system_stm32l1xx.o
 .debug_aranges
                0x00000248       0xe0 Drivers\STM32L1xx_HAL_Driver\Src\stm32l1xx_hal.o
 .debug_aranges
                0x00000328      0x118 Drivers\STM32L1xx_HAL_Driver\Src\stm32l1xx_hal_cortex.o
 .debug_aranges
                0x00000440       0x58 Drivers\STM32L1xx_HAL_Driver\Src\stm32l1xx_hal_gpio.o
 .debug_aranges
                0x00000498      0x2a0 Drivers\STM32L1xx_HAL_Driver\Src\stm32l1xx_hal_i2c.o
 .debug_aranges
                0x00000738       0x90 Drivers\STM32L1xx_HAL_Driver\Src\stm32l1xx_hal_rcc.o
 .debug_aranges
                0x000007c8      0x3d0 Drivers\STM32L1xx_HAL_Driver\Src\stm32l1xx_hal_tim.o
 .debug_aranges
                0x00000b98       0x28 Drivers\STM32L1xx_HAL_Driver\Src\stm32l1xx_hal_tim_ex.o
 .debug_aranges
                0x00000bc0       0x28 startup\startup_stm32l152xe.o

.debug_ranges   0x00000000      0xb38
 .debug_ranges  0x00000000       0x38 Core\Src\i2c-lcd.o
 .debug_ranges  0x00000038       0x78 Core\Src\main.o
 .debug_ranges  0x000000b0       0x30 Core\Src\stm32l1xx_hal_msp.o
 .debug_ranges  0x000000e0       0x50 Core\Src\stm32l1xx_it.o
 .debug_ranges  0x00000130       0xa0 Core\Src\syscalls.o
 .debug_ranges  0x000001d0       0x18 Core\Src\system_stm32l1xx.o
 .debug_ranges  0x000001e8       0xd0 Drivers\STM32L1xx_HAL_Driver\Src\stm32l1xx_hal.o
 .debug_ranges  0x000002b8      0x108 Drivers\STM32L1xx_HAL_Driver\Src\stm32l1xx_hal_cortex.o
 .debug_ranges  0x000003c0       0x48 Drivers\STM32L1xx_HAL_Driver\Src\stm32l1xx_hal_gpio.o
 .debug_ranges  0x00000408      0x2b8 Drivers\STM32L1xx_HAL_Driver\Src\stm32l1xx_hal_i2c.o
 .debug_ranges  0x000006c0       0x80 Drivers\STM32L1xx_HAL_Driver\Src\stm32l1xx_hal_rcc.o
 .debug_ranges  0x00000740      0x3c0 Drivers\STM32L1xx_HAL_Driver\Src\stm32l1xx_hal_tim.o
 .debug_ranges  0x00000b00       0x18 Drivers\STM32L1xx_HAL_Driver\Src\stm32l1xx_hal_tim_ex.o
 .debug_ranges  0x00000b18       0x20 startup\startup_stm32l152xe.o

.debug_line     0x00000000     0x57dd
 .debug_line    0x00000000      0x2a9 Core\Src\i2c-lcd.o
 .debug_line    0x000002a9      0x4ec Core\Src\main.o
 .debug_line    0x00000795      0x2b6 Core\Src\stm32l1xx_hal_msp.o
 .debug_line    0x00000a4b      0x26f Core\Src\stm32l1xx_it.o
 .debug_line    0x00000cba      0x3dd Core\Src\syscalls.o
 .debug_line    0x00001097      0x214 Core\Src\system_stm32l1xx.o
 .debug_line    0x000012ab      0x3e9 Drivers\STM32L1xx_HAL_Driver\Src\stm32l1xx_hal.o
 .debug_line    0x00001694      0x551 Drivers\STM32L1xx_HAL_Driver\Src\stm32l1xx_hal_cortex.o
 .debug_line    0x00001be5      0x3da Drivers\STM32L1xx_HAL_Driver\Src\stm32l1xx_hal_gpio.o
 .debug_line    0x00001fbf     0x175a Drivers\STM32L1xx_HAL_Driver\Src\stm32l1xx_hal_i2c.o
 .debug_line    0x00003719      0x552 Drivers\STM32L1xx_HAL_Driver\Src\stm32l1xx_hal_rcc.o
 .debug_line    0x00003c6b     0x1834 Drivers\STM32L1xx_HAL_Driver\Src\stm32l1xx_hal_tim.o
 .debug_line    0x0000549f      0x2be Drivers\STM32L1xx_HAL_Driver\Src\stm32l1xx_hal_tim_ex.o
 .debug_line    0x0000575d       0x80 startup\startup_stm32l152xe.o

.debug_str      0x00000000     0x3a2a
 .debug_str     0x00000000      0x642 Core\Src\i2c-lcd.o
                                0x6e3 (size before relaxing)
 .debug_str     0x00000642      0xa22 Core\Src\main.o
                               0x112b (size before relaxing)
 .debug_str     0x00001064       0x89 Core\Src\stm32l1xx_hal_msp.o
                                0xa89 (size before relaxing)
 .debug_str     0x000010ed       0xab Core\Src\stm32l1xx_it.o
                                0x29f (size before relaxing)
 .debug_str     0x00001198      0x239 Core\Src\syscalls.o
                                0x824 (size before relaxing)
 .debug_str     0x000013d1       0x61 Core\Src\system_stm32l1xx.o
                                0x2ba (size before relaxing)
 .debug_str     0x00001432      0x5b4 Drivers\STM32L1xx_HAL_Driver\Src\stm32l1xx_hal.o
                                0x856 (size before relaxing)
 .debug_str     0x000019e6      0x51f Drivers\STM32L1xx_HAL_Driver\Src\stm32l1xx_hal_cortex.o
                                0xadf (size before relaxing)
 .debug_str     0x00001f05      0x138 Drivers\STM32L1xx_HAL_Driver\Src\stm32l1xx_hal_gpio.o
                                0x485 (size before relaxing)
 .debug_str     0x0000203d      0x8a2 Drivers\STM32L1xx_HAL_Driver\Src\stm32l1xx_hal_i2c.o
                                0xf9c (size before relaxing)
 .debug_str     0x000028df      0x270 Drivers\STM32L1xx_HAL_Driver\Src\stm32l1xx_hal_rcc.o
                                0x6ec (size before relaxing)
 .debug_str     0x00002b4f      0xe5e Drivers\STM32L1xx_HAL_Driver\Src\stm32l1xx_hal_tim.o
                               0x15ce (size before relaxing)
 .debug_str     0x000039ad       0x7d Drivers\STM32L1xx_HAL_Driver\Src\stm32l1xx_hal_tim_ex.o
                                0x7ac (size before relaxing)

.comment        0x00000000       0x7c
 .comment       0x00000000       0x7c Core\Src\i2c-lcd.o
                                 0x7d (size before relaxing)
 .comment       0x0000007c       0x7d Core\Src\main.o
 .comment       0x0000007c       0x7d Core\Src\stm32l1xx_hal_msp.o
 .comment       0x0000007c       0x7d Core\Src\stm32l1xx_it.o
 .comment       0x0000007c       0x7d Core\Src\syscalls.o
 .comment       0x0000007c       0x7d Core\Src\system_stm32l1xx.o
 .comment       0x0000007c       0x7d Drivers\STM32L1xx_HAL_Driver\Src\stm32l1xx_hal.o
 .comment       0x0000007c       0x7d Drivers\STM32L1xx_HAL_Driver\Src\stm32l1xx_hal_cortex.o
 .comment       0x0000007c       0x7d Drivers\STM32L1xx_HAL_Driver\Src\stm32l1xx_hal_gpio.o
 .comment       0x0000007c       0x7d Drivers\STM32L1xx_HAL_Driver\Src\stm32l1xx_hal_i2c.o
 .comment       0x0000007c       0x7d Drivers\STM32L1xx_HAL_Driver\Src\stm32l1xx_hal_rcc.o
 .comment       0x0000007c       0x7d Drivers\STM32L1xx_HAL_Driver\Src\stm32l1xx_hal_tim.o
 .comment       0x0000007c       0x7d Drivers\STM32L1xx_HAL_Driver\Src\stm32l1xx_hal_tim_ex.o

.debug_frame    0x00000000     0x36b4
 .debug_frame   0x00000000       0xd8 Core\Src\i2c-lcd.o
 .debug_frame   0x000000d8      0x1f4 Core\Src\main.o
 .debug_frame   0x000002cc       0xcc Core\Src\stm32l1xx_hal_msp.o
 .debug_frame   0x00000398      0x104 Core\Src\stm32l1xx_it.o
 .debug_frame   0x0000049c      0x2d4 Core\Src\syscalls.o
 .debug_frame   0x00000770       0x58 Core\Src\system_stm32l1xx.o
 .debug_frame   0x000007c8      0x33c Drivers\STM32L1xx_HAL_Driver\Src\stm32l1xx_hal.o
 .debug_frame   0x00000b04      0x498 Drivers\STM32L1xx_HAL_Driver\Src\stm32l1xx_hal_cortex.o
 .debug_frame   0x00000f9c      0x14c Drivers\STM32L1xx_HAL_Driver\Src\stm32l1xx_hal_gpio.o
 .debug_frame   0x000010e8      0xc5c Drivers\STM32L1xx_HAL_Driver\Src\stm32l1xx_hal_i2c.o
 .debug_frame   0x00001d44      0x228 Drivers\STM32L1xx_HAL_Driver\Src\stm32l1xx_hal_rcc.o
 .debug_frame   0x00001f6c     0x11ac Drivers\STM32L1xx_HAL_Driver\Src\stm32l1xx_hal_tim.o
 .debug_frame   0x00003118       0x60 Drivers\STM32L1xx_HAL_Driver\Src\stm32l1xx_hal_tim_ex.o
 .debug_frame   0x00003178       0x20 c:/program files (x86)/atollic/truestudio for stm32 9.3.0/armtools/bin/../lib/gcc/arm-atollic-eabi/6.3.1/../../../../arm-atollic-eabi/lib/armv7-m\libc_nano.a(lib_a-errno.o)
 .debug_frame   0x00003198       0x2c c:/program files (x86)/atollic/truestudio for stm32 9.3.0/armtools/bin/../lib/gcc/arm-atollic-eabi/6.3.1/../../../../arm-atollic-eabi/lib/armv7-m\libc_nano.a(lib_a-init.o)
 .debug_frame   0x000031c4       0x20 c:/program files (x86)/atollic/truestudio for stm32 9.3.0/armtools/bin/../lib/gcc/arm-atollic-eabi/6.3.1/../../../../arm-atollic-eabi/lib/armv7-m\libc_nano.a(lib_a-memset.o)
 .debug_frame   0x000031e4       0x70 c:/program files (x86)/atollic/truestudio for stm32 9.3.0/armtools/bin/../lib/gcc/arm-atollic-eabi/6.3.1/../../../../arm-atollic-eabi/lib/armv7-m\libc_nano.a(lib_a-sprintf.o)
 .debug_frame   0x00003254       0x90 c:/program files (x86)/atollic/truestudio for stm32 9.3.0/armtools/bin/../lib/gcc/arm-atollic-eabi/6.3.1/../../../../arm-atollic-eabi/lib/armv7-m\libc_nano.a(lib_a-nano-svfprintf.o)
 .debug_frame   0x000032e4       0x60 c:/program files (x86)/atollic/truestudio for stm32 9.3.0/armtools/bin/../lib/gcc/arm-atollic-eabi/6.3.1/../../../../arm-atollic-eabi/lib/armv7-m\libc_nano.a(lib_a-nano-vfprintf_i.o)
 .debug_frame   0x00003344       0x28 c:/program files (x86)/atollic/truestudio for stm32 9.3.0/armtools/bin/../lib/gcc/arm-atollic-eabi/6.3.1/../../../../arm-atollic-eabi/lib/armv7-m\libc_nano.a(lib_a-memchr-stub.o)
 .debug_frame   0x0000336c       0x28 c:/program files (x86)/atollic/truestudio for stm32 9.3.0/armtools/bin/../lib/gcc/arm-atollic-eabi/6.3.1/../../../../arm-atollic-eabi/lib/armv7-m\libc_nano.a(lib_a-memcpy-stub.o)
 .debug_frame   0x00003394       0x28 c:/program files (x86)/atollic/truestudio for stm32 9.3.0/armtools/bin/../lib/gcc/arm-atollic-eabi/6.3.1/../../../../arm-atollic-eabi/lib/armv7-m\libc_nano.a(lib_a-memmove.o)
 .debug_frame   0x000033bc       0x38 c:/program files (x86)/atollic/truestudio for stm32 9.3.0/armtools/bin/../lib/gcc/arm-atollic-eabi/6.3.1/../../../../arm-atollic-eabi/lib/armv7-m\libc_nano.a(lib_a-nano-freer.o)
 .debug_frame   0x000033f4       0x2c c:/program files (x86)/atollic/truestudio for stm32 9.3.0/armtools/bin/../lib/gcc/arm-atollic-eabi/6.3.1/../../../../arm-atollic-eabi/lib/armv7-m\libc_nano.a(lib_a-nano-mallocr.o)
 .debug_frame   0x00003420       0x3c c:/program files (x86)/atollic/truestudio for stm32 9.3.0/armtools/bin/../lib/gcc/arm-atollic-eabi/6.3.1/../../../../arm-atollic-eabi/lib/armv7-m\libc_nano.a(lib_a-nano-reallocr.o)
 .debug_frame   0x0000345c       0x2c c:/program files (x86)/atollic/truestudio for stm32 9.3.0/armtools/bin/../lib/gcc/arm-atollic-eabi/6.3.1/../../../../arm-atollic-eabi/lib/armv7-m\libc_nano.a(lib_a-sbrkr.o)
 .debug_frame   0x00003488       0x30 c:/program files (x86)/atollic/truestudio for stm32 9.3.0/armtools/bin/../lib/gcc/arm-atollic-eabi/6.3.1/../../../../arm-atollic-eabi/lib/armv7-m\libc_nano.a(lib_a-mlock.o)
 .debug_frame   0x000034b8       0x20 c:/program files (x86)/atollic/truestudio for stm32 9.3.0/armtools/bin/../lib/gcc/arm-atollic-eabi/6.3.1/../../../../arm-atollic-eabi/lib/armv7-m\libc_nano.a(lib_a-nano-msizer.o)
 .debug_frame   0x000034d8       0x5c c:/program files (x86)/atollic/truestudio for stm32 9.3.0/armtools/bin/../lib/gcc/arm-atollic-eabi/6.3.1/../../../../arm-atollic-eabi/lib/armv7-m\libc_nano.a(lib_a-reent.o)
 .debug_frame   0x00003534       0xac c:/program files (x86)/atollic/truestudio for stm32 9.3.0/armtools/bin/../lib/gcc/arm-atollic-eabi/6.3.1/armv7-m\libgcc.a(_arm_addsubdf3.o)
 .debug_frame   0x000035e0       0x50 c:/program files (x86)/atollic/truestudio for stm32 9.3.0/armtools/bin/../lib/gcc/arm-atollic-eabi/6.3.1/armv7-m\libgcc.a(_arm_muldivdf3.o)
 .debug_frame   0x00003630       0x24 c:/program files (x86)/atollic/truestudio for stm32 9.3.0/armtools/bin/../lib/gcc/arm-atollic-eabi/6.3.1/armv7-m\libgcc.a(_arm_truncdfsf2.o)
 .debug_frame   0x00003654       0x2c c:/program files (x86)/atollic/truestudio for stm32 9.3.0/armtools/bin/../lib/gcc/arm-atollic-eabi/6.3.1/armv7-m\libgcc.a(_aeabi_uldivmod.o)
 .debug_frame   0x00003680       0x34 c:/program files (x86)/atollic/truestudio for stm32 9.3.0/armtools/bin/../lib/gcc/arm-atollic-eabi/6.3.1/armv7-m\libgcc.a(_udivmoddi4.o)
